aligned audit trainable=336481088 total=3136184544 groups={'qwen_embedding': 232963584, 'qwen_lora': 36929536, 'und_image_lora': 38912, 'gen_image_lora': 51200, 'position_embedding': 839808, 'vision_lora': 16746496, 'fusion_proj': 6493824, 'time': 7869952, 'diff_proj': 7344128, 'diffusion_lora': 18677760, 'diffusion_head_b': 8525888} optimizer_lr=0.0001
/home/jiahao/task/Show-o/show-o2/models/wan21_vae.py:655: FutureWarning: `torch.cuda.amp.autocast(args...)` is deprecated. Please use `torch.amp.autocast('cuda', args...)` instead.
  with amp.autocast(dtype=self.dtype):
WARNING:models.modules:The attention layers in this model are transitioning from computing the RoPE embeddings internally through `position_ids` (2D tensor with the indexes of the tokens), to using externally computed `position_embeddings` (Tuple of tensors, containing cos and sin). In v4.46 `position_ids` will be removed and `position_embeddings` will be mandatory.
step=1 source=128 flow_loss=0.439052 lr=1.6949153e-06
/home/jiahao/task/Show-o/show-o2/models/wan21_vae.py:655: FutureWarning: `torch.cuda.amp.autocast(args...)` is deprecated. Please use `torch.amp.autocast('cuda', args...)` instead.
  with amp.autocast(dtype=self.dtype):
step=2 source=256 flow_loss=0.413262 lr=3.3898305e-06
step=3 source=384 flow_loss=0.415319 lr=5.0847458e-06
step=4 source=512 flow_loss=0.395620 lr=6.779661e-06
step=5 source=640 flow_loss=0.325892 lr=8.4745763e-06
step=6 source=768 flow_loss=0.309803 lr=1.0169492e-05
step=7 source=896 flow_loss=0.231487 lr=1.1864407e-05
step=8 source=1024 flow_loss=0.202607 lr=1.3559322e-05
step=9 source=1152 flow_loss=0.145805 lr=1.5254237e-05
step=10 source=1280 flow_loss=0.119075 lr=1.6949153e-05
step=11 source=1408 flow_loss=0.115373 lr=1.8644068e-05
step=12 source=1536 flow_loss=0.114674 lr=2.0338983e-05
step=13 source=1664 flow_loss=0.116096 lr=2.2033898e-05
step=14 source=1792 flow_loss=0.118394 lr=2.3728814e-05
step=15 source=1920 flow_loss=0.118802 lr=2.5423729e-05
step=16 source=2048 flow_loss=0.118497 lr=2.7118644e-05
step=17 source=2176 flow_loss=0.126083 lr=2.8813559e-05
step=18 source=2304 flow_loss=0.120972 lr=3.0508475e-05
step=19 source=2432 flow_loss=0.114070 lr=3.220339e-05
step=20 source=2560 flow_loss=0.113867 lr=3.3898305e-05
step=21 source=2688 flow_loss=0.117257 lr=3.559322e-05
step=22 source=2816 flow_loss=0.118481 lr=3.7288136e-05
step=23 source=2944 flow_loss=0.126018 lr=3.8983051e-05
step=24 source=3072 flow_loss=0.116471 lr=4.0677966e-05
step=25 source=3200 flow_loss=0.111941 lr=4.2372881e-05
step=26 source=3328 flow_loss=0.112445 lr=4.4067797e-05
step=27 source=3456 flow_loss=0.103937 lr=4.5762712e-05
step=28 source=3584 flow_loss=0.113370 lr=4.7457627e-05
step=29 source=3712 flow_loss=0.107905 lr=4.9152542e-05
step=30 source=3840 flow_loss=0.110574 lr=5.0847458e-05
step=31 source=3968 flow_loss=0.122039 lr=5.2542373e-05
step=32 source=4096 flow_loss=0.114339 lr=5.4237288e-05
step=33 source=4224 flow_loss=0.118389 lr=5.5932203e-05
step=34 source=4352 flow_loss=0.103451 lr=5.7627119e-05
step=35 source=4480 flow_loss=0.109852 lr=5.9322034e-05
step=36 source=4608 flow_loss=0.115969 lr=6.1016949e-05
step=37 source=4736 flow_loss=0.115093 lr=6.2711864e-05
step=38 source=4864 flow_loss=0.106787 lr=6.440678e-05
step=39 source=4992 flow_loss=0.112409 lr=6.6101695e-05
step=40 source=5120 flow_loss=0.109813 lr=6.779661e-05
step=41 source=5248 flow_loss=0.108609 lr=6.9491525e-05
step=42 source=5376 flow_loss=0.118640 lr=7.1186441e-05
step=43 source=5504 flow_loss=0.108378 lr=7.2881356e-05
step=44 source=5632 flow_loss=0.110362 lr=7.4576271e-05
step=45 source=5760 flow_loss=0.110157 lr=7.6271186e-05
step=46 source=5888 flow_loss=0.111460 lr=7.7966102e-05
step=47 source=6016 flow_loss=0.106725 lr=7.9661017e-05
step=48 source=6144 flow_loss=0.112488 lr=8.1355932e-05
step=49 source=6272 flow_loss=0.118702 lr=8.3050847e-05
step=50 source=6400 flow_loss=0.110511 lr=8.4745763e-05
step=51 source=6528 flow_loss=0.112212 lr=8.6440678e-05
step=52 source=6656 flow_loss=0.108519 lr=8.8135593e-05
step=53 source=6784 flow_loss=0.107740 lr=8.9830508e-05
step=54 source=6912 flow_loss=0.110543 lr=9.1525424e-05
step=55 source=7040 flow_loss=0.110377 lr=9.3220339e-05
step=56 source=7168 flow_loss=0.107841 lr=9.4915254e-05
step=57 source=7296 flow_loss=0.112557 lr=9.6610169e-05
step=58 source=7424 flow_loss=0.106312 lr=9.8305085e-05
step=59 source=7552 flow_loss=0.106705 lr=0.0001
step=60 source=7680 flow_loss=0.112994 lr=9.9999999e-05
step=61 source=7808 flow_loss=0.111373 lr=9.9999998e-05
step=62 source=7936 flow_loss=0.112444 lr=9.9999995e-05
step=63 source=8064 flow_loss=0.114157 lr=9.9999991e-05
step=64 source=8192 flow_loss=0.107361 lr=9.9999985e-05
step=65 source=8320 flow_loss=0.106152 lr=9.9999979e-05
step=66 source=8448 flow_loss=0.113890 lr=9.9999971e-05
step=67 source=8576 flow_loss=0.105249 lr=9.9999962e-05
step=68 source=8704 flow_loss=0.111592 lr=9.9999952e-05
step=69 source=8832 flow_loss=0.111157 lr=9.9999941e-05
step=70 source=8960 flow_loss=0.100551 lr=9.9999929e-05
step=71 source=9088 flow_loss=0.107298 lr=9.9999915e-05
step=72 source=9216 flow_loss=0.108475 lr=9.9999901e-05
step=73 source=9344 flow_loss=0.115150 lr=9.9999885e-05
step=74 source=9472 flow_loss=0.118640 lr=9.9999868e-05
step=75 source=9600 flow_loss=0.111196 lr=9.999985e-05
step=76 source=9728 flow_loss=0.105939 lr=9.999983e-05
step=77 source=9856 flow_loss=0.113155 lr=9.999981e-05
step=78 source=9984 flow_loss=0.113915 lr=9.9999788e-05
step=79 source=10112 flow_loss=0.108344 lr=9.9999765e-05
step=80 source=10240 flow_loss=0.101123 lr=9.9999741e-05
step=81 source=10368 flow_loss=0.102776 lr=9.9999716e-05
step=82 source=10496 flow_loss=0.117294 lr=9.9999689e-05
step=83 source=10624 flow_loss=0.108859 lr=9.9999662e-05
step=84 source=10752 flow_loss=0.111185 lr=9.9999633e-05
step=85 source=10880 flow_loss=0.109926 lr=9.9999603e-05
step=86 source=11008 flow_loss=0.111749 lr=9.9999572e-05
step=87 source=11136 flow_loss=0.114015 lr=9.9999539e-05
step=88 source=11264 flow_loss=0.100455 lr=9.9999506e-05
step=89 source=11392 flow_loss=0.105181 lr=9.9999471e-05
step=90 source=11520 flow_loss=0.111437 lr=9.9999435e-05
step=91 source=11648 flow_loss=0.112787 lr=9.9999398e-05
step=92 source=11776 flow_loss=0.110657 lr=9.999936e-05
step=93 source=11904 flow_loss=0.114992 lr=9.9999321e-05
step=94 source=12032 flow_loss=0.110084 lr=9.999928e-05
step=95 source=12160 flow_loss=0.119542 lr=9.9999239e-05
step=96 source=12288 flow_loss=0.102260 lr=9.9999196e-05
step=97 source=12416 flow_loss=0.122123 lr=9.9999152e-05
step=98 source=12544 flow_loss=0.115000 lr=9.9999106e-05
step=99 source=12672 flow_loss=0.113925 lr=9.999906e-05
step=100 source=12800 flow_loss=0.109011 lr=9.9999012e-05
step=101 source=12928 flow_loss=0.107467 lr=9.9998964e-05
step=102 source=13056 flow_loss=0.113933 lr=9.9998914e-05
step=103 source=13184 flow_loss=0.103690 lr=9.9998863e-05
step=104 source=13312 flow_loss=0.108434 lr=9.999881e-05
step=105 source=13440 flow_loss=0.106967 lr=9.9998757e-05
step=106 source=13568 flow_loss=0.107657 lr=9.9998702e-05
step=107 source=13696 flow_loss=0.109168 lr=9.9998646e-05
step=108 source=13824 flow_loss=0.114694 lr=9.9998589e-05
step=109 source=13952 flow_loss=0.105621 lr=9.9998531e-05
step=110 source=14080 flow_loss=0.104636 lr=9.9998472e-05
step=111 source=14208 flow_loss=0.109861 lr=9.9998411e-05
step=112 source=14336 flow_loss=0.107246 lr=9.999835e-05
step=113 source=14464 flow_loss=0.106627 lr=9.9998287e-05
step=114 source=14592 flow_loss=0.103779 lr=9.9998223e-05
step=115 source=14720 flow_loss=0.104143 lr=9.9998157e-05
step=116 source=14848 flow_loss=0.111463 lr=9.9998091e-05
step=117 source=14976 flow_loss=0.109567 lr=9.9998023e-05
step=118 source=15104 flow_loss=0.114034 lr=9.9997955e-05
step=119 source=15232 flow_loss=0.109552 lr=9.9997885e-05
step=120 source=15360 flow_loss=0.113804 lr=9.9997814e-05
step=121 source=15488 flow_loss=0.111231 lr=9.9997741e-05
step=122 source=15616 flow_loss=0.109956 lr=9.9997668e-05
step=123 source=15744 flow_loss=0.120577 lr=9.9997593e-05
step=124 source=15872 flow_loss=0.108502 lr=9.9997518e-05
step=125 source=16000 flow_loss=0.106033 lr=9.9997441e-05
step=126 source=16128 flow_loss=0.112546 lr=9.9997363e-05
step=127 source=16256 flow_loss=0.109085 lr=9.9997283e-05
step=128 source=16384 flow_loss=0.111289 lr=9.9997203e-05
step=129 source=16512 flow_loss=0.108764 lr=9.9997121e-05
step=130 source=16640 flow_loss=0.099994 lr=9.9997038e-05
step=131 source=16768 flow_loss=0.113722 lr=9.9996954e-05
step=132 source=16896 flow_loss=0.108009 lr=9.9996869e-05
step=133 source=17024 flow_loss=0.122575 lr=9.9996783e-05
step=134 source=17152 flow_loss=0.112925 lr=9.9996695e-05
step=135 source=17280 flow_loss=0.109151 lr=9.9996606e-05
step=136 source=17408 flow_loss=0.107804 lr=9.9996516e-05
step=137 source=17536 flow_loss=0.106552 lr=9.9996425e-05
step=138 source=17664 flow_loss=0.102007 lr=9.9996333e-05
step=139 source=17792 flow_loss=0.108652 lr=9.999624e-05
step=140 source=17920 flow_loss=0.117408 lr=9.9996145e-05
step=141 source=18048 flow_loss=0.108296 lr=9.9996049e-05
step=142 source=18176 flow_loss=0.111900 lr=9.9995952e-05
step=143 source=18304 flow_loss=0.115268 lr=9.9995854e-05
step=144 source=18432 flow_loss=0.113871 lr=9.9995755e-05
step=145 source=18560 flow_loss=0.102612 lr=9.9995655e-05
step=146 source=18688 flow_loss=0.114243 lr=9.9995553e-05
step=147 source=18816 flow_loss=0.102786 lr=9.999545e-05
step=148 source=18944 flow_loss=0.106970 lr=9.9995346e-05
step=149 source=19072 flow_loss=0.107843 lr=9.9995241e-05
step=150 source=19200 flow_loss=0.111271 lr=9.9995135e-05
step=151 source=19328 flow_loss=0.113495 lr=9.9995027e-05
step=152 source=19456 flow_loss=0.111830 lr=9.9994918e-05
step=153 source=19584 flow_loss=0.105496 lr=9.9994809e-05
step=154 source=19712 flow_loss=0.112475 lr=9.9994697e-05
step=155 source=19840 flow_loss=0.115052 lr=9.9994585e-05
step=156 source=19968 flow_loss=0.110039 lr=9.9994472e-05
step=157 source=20096 flow_loss=0.106746 lr=9.9994357e-05
step=158 source=20224 flow_loss=0.111906 lr=9.9994242e-05
step=159 source=20352 flow_loss=0.103902 lr=9.9994125e-05
step=160 source=20480 flow_loss=0.104301 lr=9.9994007e-05
step=161 source=20608 flow_loss=0.104256 lr=9.9993887e-05
step=162 source=20736 flow_loss=0.104220 lr=9.9993767e-05
step=163 source=20864 flow_loss=0.108578 lr=9.9993645e-05
step=164 source=20992 flow_loss=0.115673 lr=9.9993522e-05
step=165 source=21120 flow_loss=0.109858 lr=9.9993398e-05
step=166 source=21248 flow_loss=0.108759 lr=9.9993273e-05
step=167 source=21376 flow_loss=0.100728 lr=9.9993147e-05
step=168 source=21504 flow_loss=0.117644 lr=9.9993019e-05
step=169 source=21632 flow_loss=0.121074 lr=9.9992891e-05
step=170 source=21760 flow_loss=0.107199 lr=9.9992761e-05
step=171 source=21888 flow_loss=0.103923 lr=9.999263e-05
step=172 source=22016 flow_loss=0.110090 lr=9.9992498e-05
step=173 source=22144 flow_loss=0.109380 lr=9.9992364e-05
step=174 source=22272 flow_loss=0.104734 lr=9.999223e-05
step=175 source=22400 flow_loss=0.114134 lr=9.9992094e-05
step=176 source=22528 flow_loss=0.109754 lr=9.9991957e-05
step=177 source=22656 flow_loss=0.106106 lr=9.9991819e-05
step=178 source=22784 flow_loss=0.095181 lr=9.999168e-05
step=179 source=22912 flow_loss=0.116511 lr=9.999154e-05
step=180 source=23040 flow_loss=0.106216 lr=9.9991398e-05
step=181 source=23168 flow_loss=0.108929 lr=9.9991255e-05
step=182 source=23296 flow_loss=0.108824 lr=9.9991111e-05
step=183 source=23424 flow_loss=0.109553 lr=9.9990966e-05
step=184 source=23552 flow_loss=0.103699 lr=9.999082e-05
step=185 source=23680 flow_loss=0.120376 lr=9.9990672e-05
step=186 source=23808 flow_loss=0.107374 lr=9.9990524e-05
step=187 source=23936 flow_loss=0.117831 lr=9.9990374e-05
step=188 source=24064 flow_loss=0.108555 lr=9.9990223e-05
step=189 source=24192 flow_loss=0.119745 lr=9.9990071e-05
step=190 source=24320 flow_loss=0.114283 lr=9.9989917e-05
step=191 source=24448 flow_loss=0.107394 lr=9.9989763e-05
step=192 source=24576 flow_loss=0.109927 lr=9.9989607e-05
step=193 source=24704 flow_loss=0.108987 lr=9.998945e-05
step=194 source=24832 flow_loss=0.111304 lr=9.9989292e-05
step=195 source=24960 flow_loss=0.117337 lr=9.9989133e-05
step=196 source=25088 flow_loss=0.105719 lr=9.9988973e-05
step=197 source=25216 flow_loss=0.112187 lr=9.9988811e-05
step=198 source=25344 flow_loss=0.113279 lr=9.9988648e-05
step=199 source=25472 flow_loss=0.104674 lr=9.9988485e-05
step=200 source=25600 flow_loss=0.106233 lr=9.9988319e-05
step=201 source=25728 flow_loss=0.108261 lr=9.9988153e-05
step=202 source=25856 flow_loss=0.096219 lr=9.9987986e-05
step=203 source=25984 flow_loss=0.125643 lr=9.9987817e-05
step=204 source=26112 flow_loss=0.117445 lr=9.9987647e-05
step=205 source=26240 flow_loss=0.110552 lr=9.9987476e-05
step=206 source=26368 flow_loss=0.106918 lr=9.9987304e-05
step=207 source=26496 flow_loss=0.117922 lr=9.9987131e-05
step=208 source=26624 flow_loss=0.110208 lr=9.9986956e-05
step=209 source=26752 flow_loss=0.117347 lr=9.9986781e-05
step=210 source=26880 flow_loss=0.116459 lr=9.9986604e-05
step=211 source=27008 flow_loss=0.115648 lr=9.9986426e-05
step=212 source=27136 flow_loss=0.111991 lr=9.9986247e-05
step=213 source=27264 flow_loss=0.109597 lr=9.9986066e-05
step=214 source=27392 flow_loss=0.099935 lr=9.9985885e-05
step=215 source=27520 flow_loss=0.111508 lr=9.9985702e-05
step=216 source=27648 flow_loss=0.100800 lr=9.9985518e-05
step=217 source=27776 flow_loss=0.106812 lr=9.9985333e-05
step=218 source=27904 flow_loss=0.103353 lr=9.9985147e-05
step=219 source=28032 flow_loss=0.104803 lr=9.998496e-05
step=220 source=28160 flow_loss=0.104486 lr=9.9984771e-05
step=221 source=28288 flow_loss=0.104031 lr=9.9984581e-05
step=222 source=28416 flow_loss=0.107976 lr=9.998439e-05
step=223 source=28544 flow_loss=0.114462 lr=9.9984198e-05
step=224 source=28672 flow_loss=0.109312 lr=9.9984005e-05
step=225 source=28800 flow_loss=0.115112 lr=9.998381e-05
step=226 source=28928 flow_loss=0.101968 lr=9.9983615e-05
step=227 source=29056 flow_loss=0.101815 lr=9.9983418e-05
step=228 source=29184 flow_loss=0.112711 lr=9.998322e-05
step=229 source=29312 flow_loss=0.107383 lr=9.9983021e-05
step=230 source=29440 flow_loss=0.105122 lr=9.9982821e-05
step=231 source=29568 flow_loss=0.111801 lr=9.9982619e-05
step=232 source=29696 flow_loss=0.116114 lr=9.9982416e-05
step=233 source=29824 flow_loss=0.110236 lr=9.9982212e-05
step=234 source=29952 flow_loss=0.125749 lr=9.9982007e-05
step=235 source=30080 flow_loss=0.105753 lr=9.9981801e-05
step=236 source=30208 flow_loss=0.108065 lr=9.9981594e-05
step=237 source=30336 flow_loss=0.104646 lr=9.9981385e-05
step=238 source=30464 flow_loss=0.104954 lr=9.9981176e-05
step=239 source=30592 flow_loss=0.102657 lr=9.9980965e-05
step=240 source=30720 flow_loss=0.114975 lr=9.9980753e-05
step=241 source=30848 flow_loss=0.104103 lr=9.9980539e-05
step=242 source=30976 flow_loss=0.107114 lr=9.9980325e-05
step=243 source=31104 flow_loss=0.103562 lr=9.9980109e-05
step=244 source=31232 flow_loss=0.104571 lr=9.9979893e-05
step=245 source=31360 flow_loss=0.100763 lr=9.9979675e-05
step=246 source=31488 flow_loss=0.118066 lr=9.9979456e-05
step=247 source=31616 flow_loss=0.107208 lr=9.9979235e-05
step=248 source=31744 flow_loss=0.101302 lr=9.9979014e-05
step=249 source=31872 flow_loss=0.105429 lr=9.9978791e-05
step=250 source=32000 flow_loss=0.110787 lr=9.9978567e-05
step=251 source=32128 flow_loss=0.111700 lr=9.9978342e-05
step=252 source=32256 flow_loss=0.107529 lr=9.9978116e-05
step=253 source=32384 flow_loss=0.109050 lr=9.9977889e-05
step=254 source=32512 flow_loss=0.106484 lr=9.997766e-05
step=255 source=32640 flow_loss=0.103245 lr=9.9977431e-05
step=256 source=32768 flow_loss=0.103752 lr=9.99772e-05
step=257 source=32896 flow_loss=0.108434 lr=9.9976968e-05
step=258 source=33024 flow_loss=0.111241 lr=9.9976734e-05
step=259 source=33152 flow_loss=0.101630 lr=9.99765e-05
step=260 source=33280 flow_loss=0.109359 lr=9.9976264e-05
step=261 source=33408 flow_loss=0.114439 lr=9.9976028e-05
step=262 source=33536 flow_loss=0.105155 lr=9.997579e-05
step=263 source=33664 flow_loss=0.108876 lr=9.9975551e-05
step=264 source=33792 flow_loss=0.110577 lr=9.997531e-05
step=265 source=33920 flow_loss=0.107561 lr=9.9975069e-05
step=266 source=34048 flow_loss=0.109329 lr=9.9974826e-05
step=267 source=34176 flow_loss=0.110637 lr=9.9974583e-05
step=268 source=34304 flow_loss=0.109637 lr=9.9974338e-05
step=269 source=34432 flow_loss=0.105036 lr=9.9974092e-05
step=270 source=34560 flow_loss=0.106685 lr=9.9973844e-05
step=271 source=34688 flow_loss=0.114200 lr=9.9973596e-05
step=272 source=34816 flow_loss=0.110195 lr=9.9973346e-05
step=273 source=34944 flow_loss=0.106573 lr=9.9973095e-05
step=274 source=35072 flow_loss=0.109244 lr=9.9972843e-05
step=275 source=35200 flow_loss=0.101484 lr=9.997259e-05
step=276 source=35328 flow_loss=0.106048 lr=9.9972336e-05
step=277 source=35456 flow_loss=0.107247 lr=9.997208e-05
step=278 source=35584 flow_loss=0.102541 lr=9.9971823e-05
step=279 source=35712 flow_loss=0.107540 lr=9.9971566e-05
step=280 source=35840 flow_loss=0.112662 lr=9.9971307e-05
step=281 source=35968 flow_loss=0.100779 lr=9.9971046e-05
step=282 source=36096 flow_loss=0.107086 lr=9.9970785e-05
step=283 source=36224 flow_loss=0.104279 lr=9.9970522e-05
step=284 source=36352 flow_loss=0.107854 lr=9.9970259e-05
step=285 source=36480 flow_loss=0.106026 lr=9.9969994e-05
step=286 source=36608 flow_loss=0.118275 lr=9.9969728e-05
step=287 source=36736 flow_loss=0.112492 lr=9.996946e-05
step=288 source=36864 flow_loss=0.105401 lr=9.9969192e-05
step=289 source=36992 flow_loss=0.113423 lr=9.9968922e-05
step=290 source=37120 flow_loss=0.108980 lr=9.9968651e-05
step=291 source=37248 flow_loss=0.110654 lr=9.9968379e-05
step=292 source=37376 flow_loss=0.107040 lr=9.9968106e-05
step=293 source=37504 flow_loss=0.112749 lr=9.9967832e-05
step=294 source=37632 flow_loss=0.123642 lr=9.9967556e-05
step=295 source=37760 flow_loss=0.106769 lr=9.996728e-05
step=296 source=37888 flow_loss=0.113386 lr=9.9967002e-05
step=297 source=38016 flow_loss=0.113458 lr=9.9966723e-05
step=298 source=38144 flow_loss=0.106033 lr=9.9966443e-05
step=299 source=38272 flow_loss=0.105457 lr=9.9966161e-05
step=300 source=38400 flow_loss=0.105792 lr=9.9965879e-05
step=301 source=38528 flow_loss=0.111481 lr=9.9965595e-05
step=302 source=38656 flow_loss=0.108453 lr=9.996531e-05
step=303 source=38784 flow_loss=0.102766 lr=9.9965024e-05
step=304 source=38912 flow_loss=0.104315 lr=9.9964737e-05
step=305 source=39040 flow_loss=0.113014 lr=9.9964448e-05
step=306 source=39168 flow_loss=0.106250 lr=9.9964159e-05
step=307 source=39296 flow_loss=0.114759 lr=9.9963868e-05
step=308 source=39424 flow_loss=0.114375 lr=9.9963576e-05
step=309 source=39552 flow_loss=0.105152 lr=9.9963283e-05
step=310 source=39680 flow_loss=0.111311 lr=9.9962989e-05
step=311 source=39808 flow_loss=0.106207 lr=9.9962693e-05
step=312 source=39936 flow_loss=0.108385 lr=9.9962397e-05
step=313 source=40064 flow_loss=0.112602 lr=9.9962099e-05
step=314 source=40192 flow_loss=0.112668 lr=9.99618e-05
step=315 source=40320 flow_loss=0.103922 lr=9.99615e-05
step=316 source=40448 flow_loss=0.107940 lr=9.9961198e-05
step=317 source=40576 flow_loss=0.118844 lr=9.9960896e-05
step=318 source=40704 flow_loss=0.103587 lr=9.9960592e-05
step=319 source=40832 flow_loss=0.108623 lr=9.9960287e-05
step=320 source=40960 flow_loss=0.111097 lr=9.9959981e-05
step=321 source=41088 flow_loss=0.109914 lr=9.9959674e-05
step=322 source=41216 flow_loss=0.110058 lr=9.9959366e-05
step=323 source=41344 flow_loss=0.109904 lr=9.9959056e-05
step=324 source=41472 flow_loss=0.102685 lr=9.9958746e-05
step=325 source=41600 flow_loss=0.109353 lr=9.9958434e-05
step=326 source=41728 flow_loss=0.107876 lr=9.9958121e-05
step=327 source=41856 flow_loss=0.101580 lr=9.9957806e-05
step=328 source=41984 flow_loss=0.107803 lr=9.9957491e-05
step=329 source=42112 flow_loss=0.106383 lr=9.9957174e-05
step=330 source=42240 flow_loss=0.112732 lr=9.9956857e-05
step=331 source=42368 flow_loss=0.111375 lr=9.9956538e-05
step=332 source=42496 flow_loss=0.108222 lr=9.9956218e-05
step=333 source=42624 flow_loss=0.107693 lr=9.9955896e-05
step=334 source=42752 flow_loss=0.107306 lr=9.9955574e-05
step=335 source=42880 flow_loss=0.113508 lr=9.995525e-05
step=336 source=43008 flow_loss=0.102680 lr=9.9954925e-05
step=337 source=43136 flow_loss=0.108264 lr=9.9954599e-05
step=338 source=43264 flow_loss=0.112565 lr=9.9954272e-05
step=339 source=43392 flow_loss=0.118294 lr=9.9953944e-05
step=340 source=43520 flow_loss=0.111926 lr=9.9953614e-05
step=341 source=43648 flow_loss=0.106818 lr=9.9953284e-05
step=342 source=43776 flow_loss=0.104141 lr=9.9952952e-05
step=343 source=43904 flow_loss=0.109007 lr=9.9952619e-05
step=344 source=44032 flow_loss=0.118864 lr=9.9952285e-05
step=345 source=44160 flow_loss=0.110822 lr=9.9951949e-05
step=346 source=44288 flow_loss=0.105323 lr=9.9951613e-05
step=347 source=44416 flow_loss=0.103993 lr=9.9951275e-05
step=348 source=44544 flow_loss=0.106503 lr=9.9950936e-05
step=349 source=44672 flow_loss=0.111482 lr=9.9950596e-05
step=350 source=44800 flow_loss=0.102518 lr=9.9950255e-05
step=351 source=44928 flow_loss=0.109719 lr=9.9949912e-05
step=352 source=45056 flow_loss=0.106291 lr=9.9949569e-05
step=353 source=45184 flow_loss=0.109405 lr=9.9949224e-05
step=354 source=45312 flow_loss=0.111266 lr=9.9948878e-05
step=355 source=45440 flow_loss=0.104735 lr=9.9948531e-05
step=356 source=45568 flow_loss=0.114098 lr=9.9948183e-05
step=357 source=45696 flow_loss=0.109637 lr=9.9947833e-05
step=358 source=45824 flow_loss=0.105897 lr=9.9947483e-05
step=359 source=45952 flow_loss=0.108601 lr=9.9947131e-05
step=360 source=46080 flow_loss=0.108717 lr=9.9946778e-05
step=361 source=46208 flow_loss=0.111976 lr=9.9946424e-05
step=362 source=46336 flow_loss=0.104880 lr=9.9946068e-05
step=363 source=46464 flow_loss=0.101080 lr=9.9945712e-05
step=364 source=46592 flow_loss=0.104817 lr=9.9945354e-05
step=365 source=46720 flow_loss=0.112249 lr=9.9944995e-05
step=366 source=46848 flow_loss=0.111817 lr=9.9944635e-05
step=367 source=46976 flow_loss=0.110548 lr=9.9944274e-05
step=368 source=47104 flow_loss=0.113738 lr=9.9943912e-05
step=369 source=47232 flow_loss=0.111542 lr=9.9943548e-05
step=370 source=47360 flow_loss=0.106029 lr=9.9943184e-05
step=371 source=47488 flow_loss=0.104446 lr=9.9942818e-05
step=372 source=47616 flow_loss=0.117974 lr=9.9942451e-05
step=373 source=47744 flow_loss=0.108057 lr=9.9942082e-05
step=374 source=47872 flow_loss=0.107117 lr=9.9941713e-05
step=375 source=48000 flow_loss=0.108617 lr=9.9941342e-05
step=376 source=48128 flow_loss=0.112224 lr=9.9940971e-05
step=377 source=48256 flow_loss=0.108403 lr=9.9940598e-05
step=378 source=48384 flow_loss=0.109923 lr=9.9940224e-05
step=379 source=48512 flow_loss=0.115700 lr=9.9939848e-05
step=380 source=48640 flow_loss=0.108935 lr=9.9939472e-05
step=381 source=48768 flow_loss=0.113798 lr=9.9939094e-05
step=382 source=48896 flow_loss=0.109450 lr=9.9938715e-05
step=383 source=49024 flow_loss=0.109090 lr=9.9938335e-05
step=384 source=49152 flow_loss=0.109471 lr=9.9937954e-05
step=385 source=49280 flow_loss=0.105383 lr=9.9937572e-05
step=386 source=49408 flow_loss=0.108159 lr=9.9937188e-05
step=387 source=49536 flow_loss=0.107632 lr=9.9936804e-05
step=388 source=49664 flow_loss=0.105679 lr=9.9936418e-05
step=389 source=49792 flow_loss=0.103503 lr=9.9936031e-05
step=390 source=49920 flow_loss=0.102216 lr=9.9935643e-05
step=391 source=50048 flow_loss=0.108926 lr=9.9935253e-05
step=392 source=50176 flow_loss=0.111401 lr=9.9934863e-05
step=393 source=50304 flow_loss=0.105696 lr=9.9934471e-05
step=394 source=50432 flow_loss=0.101777 lr=9.9934078e-05
step=395 source=50560 flow_loss=0.113858 lr=9.9933684e-05
step=396 source=50688 flow_loss=0.108625 lr=9.9933289e-05
step=397 source=50816 flow_loss=0.106008 lr=9.9932893e-05
step=398 source=50944 flow_loss=0.109121 lr=9.9932495e-05
step=399 source=51072 flow_loss=0.108459 lr=9.9932096e-05
step=400 source=51200 flow_loss=0.109094 lr=9.9931696e-05
step=401 source=51328 flow_loss=0.110219 lr=9.9931295e-05
step=402 source=51456 flow_loss=0.110846 lr=9.9930893e-05
step=403 source=51584 flow_loss=0.110647 lr=9.993049e-05
step=404 source=51712 flow_loss=0.103668 lr=9.9930085e-05
step=405 source=51840 flow_loss=0.123857 lr=9.9929679e-05
step=406 source=51968 flow_loss=0.113716 lr=9.9929272e-05
step=407 source=52096 flow_loss=0.102338 lr=9.9928864e-05
step=408 source=52224 flow_loss=0.107263 lr=9.9928455e-05
step=409 source=52352 flow_loss=0.104603 lr=9.9928044e-05
step=410 source=52480 flow_loss=0.105519 lr=9.9927633e-05
step=411 source=52608 flow_loss=0.109812 lr=9.992722e-05
step=412 source=52736 flow_loss=0.104111 lr=9.9926806e-05
step=413 source=52864 flow_loss=0.108956 lr=9.9926391e-05
step=414 source=52992 flow_loss=0.109436 lr=9.9925974e-05
step=415 source=53120 flow_loss=0.101403 lr=9.9925557e-05
step=416 source=53248 flow_loss=0.108354 lr=9.9925138e-05
step=417 source=53376 flow_loss=0.106594 lr=9.9924718e-05
step=418 source=53504 flow_loss=0.110052 lr=9.9924297e-05
scripts/run_csgo_seen10.sh: line 189: 2771543 Killed                  "$@"
